{"level":"info","message":"Incoming request: GET /","service":"default-service-name","timestamp":"2026-09-28 14:41:18"}
{"level":"info","message":"Incoming request: GET /favicon.ico","service":"default-service-name","timestamp":"2026-09-28 14:41:18"}
{"level":"info","message":"Incoming request: GET /api/v1/health","service":"default-service-name","timestamp":"2026-09-28 14:42:01"}
{"level":"info","message":"Incoming request: GET /api/v1/health","service":"default-service-name","timestamp":"2026-09-28 17:02:48"}
{"level":"info","message":"Incoming request: POST /api/v1/auth/login","service":"default-service-name","timestamp":"2026-09-28 17:03:20"}
{"level":"info","message":"Incoming request: GET /api/v1/dashboard/stats","service":"default-service-name","timestamp":"2026-09-28 17:03:20"}
{"level":"info","message":"Incoming request: GET /api/v1/users","service":"default-service-name","timestamp":"2026-09-28 17:03:20"}
{"level":"info","message":"Incoming request: GET /api/v1/pioneers","service":"default-service-name","timestamp":"2026-09-28 17:03:20"}
{"level":"info","message":"Incoming request: GET /api/v1/products","service":"default-service-name","timestamp":"2026-09-28 17:03:20"}
{"level":"info","message":"Incoming request: GET /api/v1/verifications","service":"default-service-name","timestamp":"2026-09-28 17:03:20"}
{"level":"info","message":"Incoming request: GET /api/v1/subscriptions/stats","service":"default-service-name","timestamp":"2026-09-28 17:03:20"}
{"level":"info","message":"Incoming request: GET /api/v1/community/support-groups","service":"default-service-name","timestamp":"2026-09-28 17:03:20"}
{"level":"info","message":"Incoming request: GET /api/v1/polls","service":"default-service-name","timestamp":"2026-09-28 17:03:20"}
{"level":"info","message":"Incoming request: GET /api/v1/reports","service":"default-service-name","timestamp":"2026-09-28 17:03:20"}
{"level":"info","message":"Incoming request: GET /api/v1/contact-messages","service":"default-service-name","timestamp":"2026-09-28 17:03:20"}
{"level":"info","message":"Incoming request: POST /api/v1/auth/login","service":"default-service-name","timestamp":"2026-09-28 17:07:00"}
{"level":"info","message":"Incoming request: GET /api/v1/dashboard/stats","service":"default-service-name","timestamp":"2026-09-28 17:07:01"}
{"level":"info","message":"Incoming request: GET /api/v1/users","service":"default-service-name","timestamp":"2026-09-28 17:07:01"}
{"level":"info","message":"Incoming request: GET /api/v1/pioneers","service":"default-service-name","timestamp":"2026-09-28 17:07:01"}
{"level":"info","message":"Incoming request: GET /api/v1/products","service":"default-service-name","timestamp":"2026-09-28 17:07:01"}
{"level":"info","message":"Incoming request: GET /api/v1/verifications","service":"default-service-name","timestamp":"2026-09-28 17:07:01"}
{"level":"info","message":"Incoming request: GET /api/v1/subscriptions/stats","service":"default-service-name","timestamp":"2026-09-28 17:07:01"}
{"level":"info","message":"Incoming request: GET /api/v1/community/support-groups","service":"default-service-name","timestamp":"2026-09-28 17:07:01"}
{"level":"info","message":"Incoming request: GET /api/v1/polls","service":"default-service-name","timestamp":"2026-09-28 17:07:01"}
{"level":"info","message":"Incoming request: GET /api/v1/reports","service":"default-service-name","timestamp":"2026-09-28 17:07:01"}
{"level":"info","message":"Incoming request: GET /api/v1/contact-messages","service":"default-service-name","timestamp":"2026-09-28 17:07:01"}
{"level":"info","message":"Incoming request: POST /api/v1/auth/login","service":"default-service-name","timestamp":"2026-09-28 17:07:34"}
{"level":"info","message":"Incoming request: GET /api/v1/dashboard/stats","service":"default-service-name","timestamp":"2026-09-28 17:07:34"}
{"level":"info","message":"Incoming request: GET /api/v1/users","service":"default-service-name","timestamp":"2026-09-28 17:07:34"}
{"level":"info","message":"Incoming request: GET /api/v1/pioneers","service":"default-service-name","timestamp":"2026-09-28 17:07:34"}
{"level":"info","message":"Incoming request: GET /api/v1/products","service":"default-service-name","timestamp":"2026-09-28 17:07:34"}
{"level":"info","message":"Incoming request: GET /api/v1/verifications","service":"default-service-name","timestamp":"2026-09-28 17:07:34"}
{"level":"info","message":"Incoming request: GET /api/v1/subscriptions/stats","service":"default-service-name","timestamp":"2026-09-28 17:07:34"}
{"level":"info","message":"Incoming request: GET /api/v1/community/support-groups","service":"default-service-name","timestamp":"2026-09-28 17:07:34"}
{"level":"info","message":"Incoming request: GET /api/v1/polls","service":"default-service-name","timestamp":"2026-09-28 17:07:34"}
{"level":"info","message":"Incoming request: GET /api/v1/reports","service":"default-service-name","timestamp":"2026-09-28 17:07:34"}
{"level":"info","message":"Incoming request: GET /api/v1/contact-messages","service":"default-service-name","timestamp":"2026-09-28 17:07:34"}
